[0.089s] DEBUG:colcon:Command line arguments: ['/usr/bin/colcon', 'build', '--packages-up-to', 'uuv_gazebo_ros_plugins_msgs', '--packages-ignore', 'uuv_simulator']
[0.089s] DEBUG:colcon:Parsed command line arguments: Namespace(log_base=None, log_level=None, verb_name='build', build_base='build', install_base='install', merge_install=False, symlink_install=False, test_result_base=None, continue_on_error=False, executor='parallel', parallel_workers=24, event_handlers=None, ignore_user_meta=False, metas=['./colcon.meta'], base_paths=['.'], packages_ignore=['uuv_simulator'], packages_ignore_regex=None, paths=None, packages_up_to=['uuv_gazebo_ros_plugins_msgs'], packages_up_to_regex=None, packages_above=None, packages_above_and_dependencies=None, packages_above_depth=None, packages_select_by_dep=None, packages_skip_by_dep=None, packages_skip_up_to=None, packages_select_build_failed=False, packages_skip_build_finished=False, packages_select_test_failures=False, packages_skip_test_passed=False, packages_select=None, packages_skip=None, packages_select_regex=None, packages_skip_regex=None, packages_start=None, packages_end=None, allow_overriding=[], cmake_args=None, cmake_target=None, cmake_target_skip_unavailable=False, cmake_clean_cache=False, cmake_clean_first=False, cmake_force_configure=False, ament_cmake_args=None, catkin_cmake_args=None, catkin_skip_building_tests=False, mixin_files=None, mixin=None, verb_parser=<colcon_mixin.mixin.mixin_argument.MixinArgumentDecorator object at 0x7a89f6532f60>, verb_extension=<colcon_core.verb.build.BuildVerb object at 0x7a89f6532c60>, main=<bound method BuildVerb.main of <colcon_core.verb.build.BuildVerb object at 0x7a89f6532c60>>, mixin_verb=('build',))
[0.108s] Level 1:colcon.colcon_core.package_discovery:discover_packages(colcon_meta) check parameters
[0.108s] Level 1:colcon.colcon_core.package_discovery:discover_packages(recursive) check parameters
[0.109s] Level 1:colcon.colcon_core.package_discovery:discover_packages(ignore) check parameters
[0.109s] Level 1:colcon.colcon_core.package_discovery:discover_packages(path) check parameters
[0.109s] Level 1:colcon.colcon_core.package_discovery:discover_packages(colcon_meta) discover
[0.109s] Level 1:colcon.colcon_core.package_discovery:discover_packages(recursive) discover
[0.109s] INFO:colcon.colcon_core.package_discovery:Crawling recursively for packages in '/home/airl-user/eroas_ws/src/EROAS'
[0.109s] Level 1:colcon.colcon_core.package_identification:_identify(.) by extensions ['ignore', 'ignore_ament_install']
[0.109s] Level 1:colcon.colcon_core.package_identification:_identify(.) by extension 'ignore'
[0.109s] Level 1:colcon.colcon_core.package_identification:_identify(.) by extension 'ignore_ament_install'
[0.109s] Level 1:colcon.colcon_core.package_identification:_identify(.) by extensions ['colcon_pkg']
[0.109s] Level 1:colcon.colcon_core.package_identification:_identify(.) by extension 'colcon_pkg'
[0.109s] Level 1:colcon.colcon_core.package_identification:_identify(.) by extensions ['colcon_meta']
[0.109s] Level 1:colcon.colcon_core.package_identification:_identify(.) by extension 'colcon_meta'
[0.109s] Level 1:colcon.colcon_core.package_identification:_identify(.) by extensions ['ros']
[0.109s] Level 1:colcon.colcon_core.package_identification:_identify(.) by extension 'ros'
[0.121s] Level 1:colcon.colcon_core.package_identification:_identify(.) by extensions ['cmake', 'python']
[0.121s] Level 1:colcon.colcon_core.package_identification:_identify(.) by extension 'cmake'
[0.121s] Level 1:colcon.colcon_core.package_identification:_identify(.) by extension 'python'
[0.121s] Level 1:colcon.colcon_core.package_identification:_identify(.) by extensions ['python_setup_py']
[0.121s] Level 1:colcon.colcon_core.package_identification:_identify(.) by extension 'python_setup_py'
[0.122s] Level 1:colcon.colcon_core.package_identification:_identify(build) by extensions ['ignore', 'ignore_ament_install']
[0.122s] Level 1:colcon.colcon_core.package_identification:_identify(build) by extension 'ignore'
[0.122s] Level 1:colcon.colcon_core.package_identification:_identify(build) ignored
[0.122s] Level 1:colcon.colcon_core.package_identification:_identify(install) by extensions ['ignore', 'ignore_ament_install']
[0.122s] Level 1:colcon.colcon_core.package_identification:_identify(install) by extension 'ignore'
[0.122s] Level 1:colcon.colcon_core.package_identification:_identify(install) ignored
[0.122s] Level 1:colcon.colcon_core.package_identification:_identify(log) by extensions ['ignore', 'ignore_ament_install']
[0.122s] Level 1:colcon.colcon_core.package_identification:_identify(log) by extension 'ignore'
[0.122s] Level 1:colcon.colcon_core.package_identification:_identify(log) ignored
[0.122s] Level 1:colcon.colcon_core.package_identification:_identify(navigator_auv) by extensions ['ignore', 'ignore_ament_install']
[0.122s] Level 1:colcon.colcon_core.package_identification:_identify(navigator_auv) by extension 'ignore'
[0.122s] Level 1:colcon.colcon_core.package_identification:_identify(navigator_auv) by extension 'ignore_ament_install'
[0.122s] Level 1:colcon.colcon_core.package_identification:_identify(navigator_auv) by extensions ['colcon_pkg']
[0.122s] Level 1:colcon.colcon_core.package_identification:_identify(navigator_auv) by extension 'colcon_pkg'
[0.122s] Level 1:colcon.colcon_core.package_identification:_identify(navigator_auv) by extensions ['colcon_meta']
[0.122s] Level 1:colcon.colcon_core.package_identification:_identify(navigator_auv) by extension 'colcon_meta'
[0.122s] Level 1:colcon.colcon_core.package_identification:_identify(navigator_auv) by extensions ['ros']
[0.122s] Level 1:colcon.colcon_core.package_identification:_identify(navigator_auv) by extension 'ros'
[0.123s] DEBUG:colcon.colcon_core.package_identification:Package 'navigator_auv' with type 'ros.ament_python' and name 'navigator_auv'
[0.123s] Level 1:colcon.colcon_core.package_identification:_identify(nps_uw_multibeam_sonar) by extensions ['ignore', 'ignore_ament_install']
[0.124s] Level 1:colcon.colcon_core.package_identification:_identify(nps_uw_multibeam_sonar) by extension 'ignore'
[0.124s] Level 1:colcon.colcon_core.package_identification:_identify(nps_uw_multibeam_sonar) by extension 'ignore_ament_install'
[0.124s] Level 1:colcon.colcon_core.package_identification:_identify(nps_uw_multibeam_sonar) by extensions ['colcon_pkg']
[0.124s] Level 1:colcon.colcon_core.package_identification:_identify(nps_uw_multibeam_sonar) by extension 'colcon_pkg'
[0.124s] Level 1:colcon.colcon_core.package_identification:_identify(nps_uw_multibeam_sonar) by extensions ['colcon_meta']
[0.124s] Level 1:colcon.colcon_core.package_identification:_identify(nps_uw_multibeam_sonar) by extension 'colcon_meta'
[0.124s] Level 1:colcon.colcon_core.package_identification:_identify(nps_uw_multibeam_sonar) by extensions ['ros']
[0.124s] Level 1:colcon.colcon_core.package_identification:_identify(nps_uw_multibeam_sonar) by extension 'ros'
[0.125s] DEBUG:colcon.colcon_core.package_identification:Package 'nps_uw_multibeam_sonar' with type 'ros.ament_cmake' and name 'nps_uw_multibeam_sonar'
[0.125s] Level 1:colcon.colcon_core.package_identification:_identify(rexrov2) by extensions ['ignore', 'ignore_ament_install']
[0.125s] Level 1:colcon.colcon_core.package_identification:_identify(rexrov2) by extension 'ignore'
[0.125s] Level 1:colcon.colcon_core.package_identification:_identify(rexrov2) by extension 'ignore_ament_install'
[0.125s] Level 1:colcon.colcon_core.package_identification:_identify(rexrov2) by extensions ['colcon_pkg']
[0.125s] Level 1:colcon.colcon_core.package_identification:_identify(rexrov2) by extension 'colcon_pkg'
[0.125s] Level 1:colcon.colcon_core.package_identification:_identify(rexrov2) by extensions ['colcon_meta']
[0.125s] Level 1:colcon.colcon_core.package_identification:_identify(rexrov2) by extension 'colcon_meta'
[0.125s] Level 1:colcon.colcon_core.package_identification:_identify(rexrov2) by extensions ['ros']
[0.125s] Level 1:colcon.colcon_core.package_identification:_identify(rexrov2) by extension 'ros'
[0.125s] Level 1:colcon.colcon_core.package_identification:_identify(rexrov2) by extensions ['cmake', 'python']
[0.125s] Level 1:colcon.colcon_core.package_identification:_identify(rexrov2) by extension 'cmake'
[0.125s] Level 1:colcon.colcon_core.package_identification:_identify(rexrov2) by extension 'python'
[0.125s] Level 1:colcon.colcon_core.package_identification:_identify(rexrov2) by extensions ['python_setup_py']
[0.125s] Level 1:colcon.colcon_core.package_identification:_identify(rexrov2) by extension 'python_setup_py'
[0.125s] Level 1:colcon.colcon_core.package_identification:_identify(rexrov2/blueview_p900_nps_multibeam) by extensions ['ignore', 'ignore_ament_install']
[0.125s] Level 1:colcon.colcon_core.package_identification:_identify(rexrov2/blueview_p900_nps_multibeam) by extension 'ignore'
[0.125s] Level 1:colcon.colcon_core.package_identification:_identify(rexrov2/blueview_p900_nps_multibeam) by extension 'ignore_ament_install'
[0.125s] Level 1:colcon.colcon_core.package_identification:_identify(rexrov2/blueview_p900_nps_multibeam) by extensions ['colcon_pkg']
[0.125s] Level 1:colcon.colcon_core.package_identification:_identify(rexrov2/blueview_p900_nps_multibeam) by extension 'colcon_pkg'
[0.125s] Level 1:colcon.colcon_core.package_identification:_identify(rexrov2/blueview_p900_nps_multibeam) by extensions ['colcon_meta']
[0.125s] Level 1:colcon.colcon_core.package_identification:_identify(rexrov2/blueview_p900_nps_multibeam) by extension 'colcon_meta'
[0.125s] Level 1:colcon.colcon_core.package_identification:_identify(rexrov2/blueview_p900_nps_multibeam) by extensions ['ros']
[0.125s] Level 1:colcon.colcon_core.package_identification:_identify(rexrov2/blueview_p900_nps_multibeam) by extension 'ros'
[0.125s] Level 1:colcon.colcon_core.package_identification:_identify(rexrov2/blueview_p900_nps_multibeam) by extensions ['cmake', 'python']
[0.125s] Level 1:colcon.colcon_core.package_identification:_identify(rexrov2/blueview_p900_nps_multibeam) by extension 'cmake'
[0.125s] Level 1:colcon.colcon_core.package_identification:_identify(rexrov2/blueview_p900_nps_multibeam) by extension 'python'
[0.125s] Level 1:colcon.colcon_core.package_identification:_identify(rexrov2/blueview_p900_nps_multibeam) by extensions ['python_setup_py']
[0.125s] Level 1:colcon.colcon_core.package_identification:_identify(rexrov2/blueview_p900_nps_multibeam) by extension 'python_setup_py'
[0.125s] Level 1:colcon.colcon_core.package_identification:_identify(rexrov2/blueview_p900_nps_multibeam/meshes) by extensions ['ignore', 'ignore_ament_install']
[0.126s] Level 1:colcon.colcon_core.package_identification:_identify(rexrov2/blueview_p900_nps_multibeam/meshes) by extension 'ignore'
[0.126s] Level 1:colcon.colcon_core.package_identification:_identify(rexrov2/blueview_p900_nps_multibeam/meshes) by extension 'ignore_ament_install'
[0.126s] Level 1:colcon.colcon_core.package_identification:_identify(rexrov2/blueview_p900_nps_multibeam/meshes) by extensions ['colcon_pkg']
[0.126s] Level 1:colcon.colcon_core.package_identification:_identify(rexrov2/blueview_p900_nps_multibeam/meshes) by extension 'colcon_pkg'
[0.126s] Level 1:colcon.colcon_core.package_identification:_identify(rexrov2/blueview_p900_nps_multibeam/meshes) by extensions ['colcon_meta']
[0.126s] Level 1:colcon.colcon_core.package_identification:_identify(rexrov2/blueview_p900_nps_multibeam/meshes) by extension 'colcon_meta'
[0.126s] Level 1:colcon.colcon_core.package_identification:_identify(rexrov2/blueview_p900_nps_multibeam/meshes) by extensions ['ros']
[0.126s] Level 1:colcon.colcon_core.package_identification:_identify(rexrov2/blueview_p900_nps_multibeam/meshes) by extension 'ros'
[0.126s] Level 1:colcon.colcon_core.package_identification:_identify(rexrov2/blueview_p900_nps_multibeam/meshes) by extensions ['cmake', 'python']
[0.126s] Level 1:colcon.colcon_core.package_identification:_identify(rexrov2/blueview_p900_nps_multibeam/meshes) by extension 'cmake'
[0.126s] Level 1:colcon.colcon_core.package_identification:_identify(rexrov2/blueview_p900_nps_multibeam/meshes) by extension 'python'
[0.126s] Level 1:colcon.colcon_core.package_identification:_identify(rexrov2/blueview_p900_nps_multibeam/meshes) by extensions ['python_setup_py']
[0.126s] Level 1:colcon.colcon_core.package_identification:_identify(rexrov2/blueview_p900_nps_multibeam/meshes) by extension 'python_setup_py'
[0.126s] Level 1:colcon.colcon_core.package_identification:_identify(rexrov2/images) by extensions ['ignore', 'ignore_ament_install']
[0.126s] Level 1:colcon.colcon_core.package_identification:_identify(rexrov2/images) by extension 'ignore'
[0.126s] Level 1:colcon.colcon_core.package_identification:_identify(rexrov2/images) by extension 'ignore_ament_install'
[0.126s] Level 1:colcon.colcon_core.package_identification:_identify(rexrov2/images) by extensions ['colcon_pkg']
[0.126s] Level 1:colcon.colcon_core.package_identification:_identify(rexrov2/images) by extension 'colcon_pkg'
[0.126s] Level 1:colcon.colcon_core.package_identification:_identify(rexrov2/images) by extensions ['colcon_meta']
[0.126s] Level 1:colcon.colcon_core.package_identification:_identify(rexrov2/images) by extension 'colcon_meta'
[0.126s] Level 1:colcon.colcon_core.package_identification:_identify(rexrov2/images) by extensions ['ros']
[0.126s] Level 1:colcon.colcon_core.package_identification:_identify(rexrov2/images) by extension 'ros'
[0.126s] Level 1:colcon.colcon_core.package_identification:_identify(rexrov2/images) by extensions ['cmake', 'python']
[0.126s] Level 1:colcon.colcon_core.package_identification:_identify(rexrov2/images) by extension 'cmake'
[0.126s] Level 1:colcon.colcon_core.package_identification:_identify(rexrov2/images) by extension 'python'
[0.126s] Level 1:colcon.colcon_core.package_identification:_identify(rexrov2/images) by extensions ['python_setup_py']
[0.126s] Level 1:colcon.colcon_core.package_identification:_identify(rexrov2/images) by extension 'python_setup_py'
[0.126s] Level 1:colcon.colcon_core.package_identification:_identify(rexrov2/rexrov2_control) by extensions ['ignore', 'ignore_ament_install']
[0.126s] Level 1:colcon.colcon_core.package_identification:_identify(rexrov2/rexrov2_control) by extension 'ignore'
[0.126s] Level 1:colcon.colcon_core.package_identification:_identify(rexrov2/rexrov2_control) by extension 'ignore_ament_install'
[0.126s] Level 1:colcon.colcon_core.package_identification:_identify(rexrov2/rexrov2_control) by extensions ['colcon_pkg']
[0.126s] Level 1:colcon.colcon_core.package_identification:_identify(rexrov2/rexrov2_control) by extension 'colcon_pkg'
[0.126s] Level 1:colcon.colcon_core.package_identification:_identify(rexrov2/rexrov2_control) by extensions ['colcon_meta']
[0.126s] Level 1:colcon.colcon_core.package_identification:_identify(rexrov2/rexrov2_control) by extension 'colcon_meta'
[0.126s] Level 1:colcon.colcon_core.package_identification:_identify(rexrov2/rexrov2_control) by extensions ['ros']
[0.126s] Level 1:colcon.colcon_core.package_identification:_identify(rexrov2/rexrov2_control) by extension 'ros'
[0.126s] DEBUG:colcon.colcon_core.package_identification:Package 'rexrov2/rexrov2_control' with type 'ros.catkin' and name 'rexrov2_control'
[0.126s] Level 1:colcon.colcon_core.package_identification:_identify(rexrov2/rexrov2_description) by extensions ['ignore', 'ignore_ament_install']
[0.126s] Level 1:colcon.colcon_core.package_identification:_identify(rexrov2/rexrov2_description) by extension 'ignore'
[0.126s] Level 1:colcon.colcon_core.package_identification:_identify(rexrov2/rexrov2_description) by extension 'ignore_ament_install'
[0.126s] Level 1:colcon.colcon_core.package_identification:_identify(rexrov2/rexrov2_description) by extensions ['colcon_pkg']
[0.126s] Level 1:colcon.colcon_core.package_identification:_identify(rexrov2/rexrov2_description) by extension 'colcon_pkg'
[0.127s] Level 1:colcon.colcon_core.package_identification:_identify(rexrov2/rexrov2_description) by extensions ['colcon_meta']
[0.127s] Level 1:colcon.colcon_core.package_identification:_identify(rexrov2/rexrov2_description) by extension 'colcon_meta'
[0.127s] Level 1:colcon.colcon_core.package_identification:_identify(rexrov2/rexrov2_description) by extensions ['ros']
[0.127s] Level 1:colcon.colcon_core.package_identification:_identify(rexrov2/rexrov2_description) by extension 'ros'
[0.127s] DEBUG:colcon.colcon_core.package_identification:Package 'rexrov2/rexrov2_description' with type 'ros.ament_cmake' and name 'rexrov2_description'
[0.127s] Level 1:colcon.colcon_core.package_identification:_identify(rexrov2/rexrov2_gazebo) by extensions ['ignore', 'ignore_ament_install']
[0.127s] Level 1:colcon.colcon_core.package_identification:_identify(rexrov2/rexrov2_gazebo) by extension 'ignore'
[0.127s] Level 1:colcon.colcon_core.package_identification:_identify(rexrov2/rexrov2_gazebo) by extension 'ignore_ament_install'
[0.127s] Level 1:colcon.colcon_core.package_identification:_identify(rexrov2/rexrov2_gazebo) by extensions ['colcon_pkg']
[0.127s] Level 1:colcon.colcon_core.package_identification:_identify(rexrov2/rexrov2_gazebo) by extension 'colcon_pkg'
[0.127s] Level 1:colcon.colcon_core.package_identification:_identify(rexrov2/rexrov2_gazebo) by extensions ['colcon_meta']
[0.127s] Level 1:colcon.colcon_core.package_identification:_identify(rexrov2/rexrov2_gazebo) by extension 'colcon_meta'
[0.127s] Level 1:colcon.colcon_core.package_identification:_identify(rexrov2/rexrov2_gazebo) by extensions ['ros']
[0.127s] Level 1:colcon.colcon_core.package_identification:_identify(rexrov2/rexrov2_gazebo) by extension 'ros'
[0.127s] DEBUG:colcon.colcon_core.package_identification:Package 'rexrov2/rexrov2_gazebo' with type 'ros.catkin' and name 'rexrov2_gazebo'
[0.127s] Level 1:colcon.colcon_core.package_identification:_identify(uuv_simulator) by extensions ['ignore', 'ignore_ament_install']
[0.127s] Level 1:colcon.colcon_core.package_identification:_identify(uuv_simulator) by extension 'ignore'
[0.127s] Level 1:colcon.colcon_core.package_identification:_identify(uuv_simulator) by extension 'ignore_ament_install'
[0.127s] Level 1:colcon.colcon_core.package_identification:_identify(uuv_simulator) by extensions ['colcon_pkg']
[0.127s] Level 1:colcon.colcon_core.package_identification:_identify(uuv_simulator) by extension 'colcon_pkg'
[0.127s] Level 1:colcon.colcon_core.package_identification:_identify(uuv_simulator) by extensions ['colcon_meta']
[0.127s] Level 1:colcon.colcon_core.package_identification:_identify(uuv_simulator) by extension 'colcon_meta'
[0.127s] Level 1:colcon.colcon_core.package_identification:_identify(uuv_simulator) by extensions ['ros']
[0.127s] Level 1:colcon.colcon_core.package_identification:_identify(uuv_simulator) by extension 'ros'
[0.127s] Level 1:colcon.colcon_core.package_identification:_identify(uuv_simulator) by extensions ['cmake', 'python']
[0.127s] Level 1:colcon.colcon_core.package_identification:_identify(uuv_simulator) by extension 'cmake'
[0.127s] Level 1:colcon.colcon_core.package_identification:_identify(uuv_simulator) by extension 'python'
[0.127s] Level 1:colcon.colcon_core.package_identification:_identify(uuv_simulator) by extensions ['python_setup_py']
[0.127s] Level 1:colcon.colcon_core.package_identification:_identify(uuv_simulator) by extension 'python_setup_py'
[0.127s] Level 1:colcon.colcon_core.package_identification:_identify(uuv_simulator/tools) by extensions ['ignore', 'ignore_ament_install']
[0.127s] Level 1:colcon.colcon_core.package_identification:_identify(uuv_simulator/tools) by extension 'ignore'
[0.127s] Level 1:colcon.colcon_core.package_identification:_identify(uuv_simulator/tools) by extension 'ignore_ament_install'
[0.127s] Level 1:colcon.colcon_core.package_identification:_identify(uuv_simulator/tools) by extensions ['colcon_pkg']
[0.127s] Level 1:colcon.colcon_core.package_identification:_identify(uuv_simulator/tools) by extension 'colcon_pkg'
[0.127s] Level 1:colcon.colcon_core.package_identification:_identify(uuv_simulator/tools) by extensions ['colcon_meta']
[0.127s] Level 1:colcon.colcon_core.package_identification:_identify(uuv_simulator/tools) by extension 'colcon_meta'
[0.127s] Level 1:colcon.colcon_core.package_identification:_identify(uuv_simulator/tools) by extensions ['ros']
[0.127s] Level 1:colcon.colcon_core.package_identification:_identify(uuv_simulator/tools) by extension 'ros'
[0.128s] Level 1:colcon.colcon_core.package_identification:_identify(uuv_simulator/tools) by extensions ['cmake', 'python']
[0.128s] Level 1:colcon.colcon_core.package_identification:_identify(uuv_simulator/tools) by extension 'cmake'
[0.128s] Level 1:colcon.colcon_core.package_identification:_identify(uuv_simulator/tools) by extension 'python'
[0.128s] Level 1:colcon.colcon_core.package_identification:_identify(uuv_simulator/tools) by extensions ['python_setup_py']
[0.128s] Level 1:colcon.colcon_core.package_identification:_identify(uuv_simulator/tools) by extension 'python_setup_py'
[0.128s] Level 1:colcon.colcon_core.package_identification:_identify(uuv_simulator/uuv_assistants) by extensions ['ignore', 'ignore_ament_install']
[0.128s] Level 1:colcon.colcon_core.package_identification:_identify(uuv_simulator/uuv_assistants) by extension 'ignore'
[0.128s] Level 1:colcon.colcon_core.package_identification:_identify(uuv_simulator/uuv_assistants) by extension 'ignore_ament_install'
[0.128s] Level 1:colcon.colcon_core.package_identification:_identify(uuv_simulator/uuv_assistants) by extensions ['colcon_pkg']
[0.128s] Level 1:colcon.colcon_core.package_identification:_identify(uuv_simulator/uuv_assistants) by extension 'colcon_pkg'
[0.128s] Level 1:colcon.colcon_core.package_identification:_identify(uuv_simulator/uuv_assistants) by extensions ['colcon_meta']
[0.128s] Level 1:colcon.colcon_core.package_identification:_identify(uuv_simulator/uuv_assistants) by extension 'colcon_meta'
[0.128s] Level 1:colcon.colcon_core.package_identification:_identify(uuv_simulator/uuv_assistants) by extensions ['ros']
[0.128s] Level 1:colcon.colcon_core.package_identification:_identify(uuv_simulator/uuv_assistants) by extension 'ros'
[0.128s] DEBUG:colcon.colcon_core.package_identification:Package 'uuv_simulator/uuv_assistants' with type 'ros.ament_cmake' and name 'uuv_assistants'
[0.128s] Level 1:colcon.colcon_core.package_identification:_identify(uuv_simulator/uuv_control) by extensions ['ignore', 'ignore_ament_install']
[0.128s] Level 1:colcon.colcon_core.package_identification:_identify(uuv_simulator/uuv_control) by extension 'ignore'
[0.128s] Level 1:colcon.colcon_core.package_identification:_identify(uuv_simulator/uuv_control) by extension 'ignore_ament_install'
[0.128s] Level 1:colcon.colcon_core.package_identification:_identify(uuv_simulator/uuv_control) by extensions ['colcon_pkg']
[0.128s] Level 1:colcon.colcon_core.package_identification:_identify(uuv_simulator/uuv_control) by extension 'colcon_pkg'
[0.128s] Level 1:colcon.colcon_core.package_identification:_identify(uuv_simulator/uuv_control) by extensions ['colcon_meta']
[0.128s] Level 1:colcon.colcon_core.package_identification:_identify(uuv_simulator/uuv_control) by extension 'colcon_meta'
[0.128s] Level 1:colcon.colcon_core.package_identification:_identify(uuv_simulator/uuv_control) by extensions ['ros']
[0.128s] Level 1:colcon.colcon_core.package_identification:_identify(uuv_simulator/uuv_control) by extension 'ros'
[0.129s] DEBUG:colcon.colcon_core.package_identification:Package 'uuv_simulator/uuv_control' with type 'ros.ament_cmake' and name 'uuv_control'
[0.129s] Level 1:colcon.colcon_core.package_identification:_identify(uuv_simulator/uuv_descriptions) by extensions ['ignore', 'ignore_ament_install']
[0.129s] Level 1:colcon.colcon_core.package_identification:_identify(uuv_simulator/uuv_descriptions) by extension 'ignore'
[0.129s] Level 1:colcon.colcon_core.package_identification:_identify(uuv_simulator/uuv_descriptions) by extension 'ignore_ament_install'
[0.129s] Level 1:colcon.colcon_core.package_identification:_identify(uuv_simulator/uuv_descriptions) by extensions ['colcon_pkg']
[0.129s] Level 1:colcon.colcon_core.package_identification:_identify(uuv_simulator/uuv_descriptions) by extension 'colcon_pkg'
[0.129s] Level 1:colcon.colcon_core.package_identification:_identify(uuv_simulator/uuv_descriptions) by extensions ['colcon_meta']
[0.129s] Level 1:colcon.colcon_core.package_identification:_identify(uuv_simulator/uuv_descriptions) by extension 'colcon_meta'
[0.129s] Level 1:colcon.colcon_core.package_identification:_identify(uuv_simulator/uuv_descriptions) by extensions ['ros']
[0.129s] Level 1:colcon.colcon_core.package_identification:_identify(uuv_simulator/uuv_descriptions) by extension 'ros'
[0.130s] DEBUG:colcon.colcon_core.package_identification:Package 'uuv_simulator/uuv_descriptions' with type 'ros.ament_cmake' and name 'uuv_descriptions'
[0.130s] Level 1:colcon.colcon_core.package_identification:_identify(uuv_simulator/uuv_gazebo) by extensions ['ignore', 'ignore_ament_install']
[0.130s] Level 1:colcon.colcon_core.package_identification:_identify(uuv_simulator/uuv_gazebo) by extension 'ignore'
[0.130s] Level 1:colcon.colcon_core.package_identification:_identify(uuv_simulator/uuv_gazebo) by extension 'ignore_ament_install'
[0.130s] Level 1:colcon.colcon_core.package_identification:_identify(uuv_simulator/uuv_gazebo) by extensions ['colcon_pkg']
[0.130s] Level 1:colcon.colcon_core.package_identification:_identify(uuv_simulator/uuv_gazebo) by extension 'colcon_pkg'
[0.130s] Level 1:colcon.colcon_core.package_identification:_identify(uuv_simulator/uuv_gazebo) by extensions ['colcon_meta']
[0.130s] Level 1:colcon.colcon_core.package_identification:_identify(uuv_simulator/uuv_gazebo) by extension 'colcon_meta'
[0.130s] Level 1:colcon.colcon_core.package_identification:_identify(uuv_simulator/uuv_gazebo) by extensions ['ros']
[0.130s] Level 1:colcon.colcon_core.package_identification:_identify(uuv_simulator/uuv_gazebo) by extension 'ros'
[0.130s] DEBUG:colcon.colcon_core.package_identification:Package 'uuv_simulator/uuv_gazebo' with type 'ros.ament_cmake' and name 'uuv_gazebo'
[0.130s] Level 1:colcon.colcon_core.package_identification:_identify(uuv_simulator/uuv_gazebo_plugins) by extensions ['ignore', 'ignore_ament_install']
[0.130s] Level 1:colcon.colcon_core.package_identification:_identify(uuv_simulator/uuv_gazebo_plugins) by extension 'ignore'
[0.130s] Level 1:colcon.colcon_core.package_identification:_identify(uuv_simulator/uuv_gazebo_plugins) by extension 'ignore_ament_install'
[0.131s] Level 1:colcon.colcon_core.package_identification:_identify(uuv_simulator/uuv_gazebo_plugins) by extensions ['colcon_pkg']
[0.131s] Level 1:colcon.colcon_core.package_identification:_identify(uuv_simulator/uuv_gazebo_plugins) by extension 'colcon_pkg'
[0.131s] Level 1:colcon.colcon_core.package_identification:_identify(uuv_simulator/uuv_gazebo_plugins) by extensions ['colcon_meta']
[0.131s] Level 1:colcon.colcon_core.package_identification:_identify(uuv_simulator/uuv_gazebo_plugins) by extension 'colcon_meta'
[0.131s] Level 1:colcon.colcon_core.package_identification:_identify(uuv_simulator/uuv_gazebo_plugins) by extensions ['ros']
[0.131s] Level 1:colcon.colcon_core.package_identification:_identify(uuv_simulator/uuv_gazebo_plugins) by extension 'ros'
[0.131s] DEBUG:colcon.colcon_core.package_identification:Package 'uuv_simulator/uuv_gazebo_plugins' with type 'ros.ament_cmake' and name 'uuv_gazebo_plugins'
[0.131s] Level 1:colcon.colcon_core.package_identification:_identify(uuv_simulator/uuv_gazebo_ros_plugins) by extensions ['ignore', 'ignore_ament_install']
[0.131s] Level 1:colcon.colcon_core.package_identification:_identify(uuv_simulator/uuv_gazebo_ros_plugins) by extension 'ignore'
[0.131s] Level 1:colcon.colcon_core.package_identification:_identify(uuv_simulator/uuv_gazebo_ros_plugins) by extension 'ignore_ament_install'
[0.131s] Level 1:colcon.colcon_core.package_identification:_identify(uuv_simulator/uuv_gazebo_ros_plugins) by extensions ['colcon_pkg']
[0.131s] Level 1:colcon.colcon_core.package_identification:_identify(uuv_simulator/uuv_gazebo_ros_plugins) by extension 'colcon_pkg'
[0.131s] Level 1:colcon.colcon_core.package_identification:_identify(uuv_simulator/uuv_gazebo_ros_plugins) by extensions ['colcon_meta']
[0.131s] Level 1:colcon.colcon_core.package_identification:_identify(uuv_simulator/uuv_gazebo_ros_plugins) by extension 'colcon_meta'
[0.131s] Level 1:colcon.colcon_core.package_identification:_identify(uuv_simulator/uuv_gazebo_ros_plugins) by extensions ['ros']
[0.131s] Level 1:colcon.colcon_core.package_identification:_identify(uuv_simulator/uuv_gazebo_ros_plugins) by extension 'ros'
[0.132s] DEBUG:colcon.colcon_core.package_identification:Package 'uuv_simulator/uuv_gazebo_ros_plugins' with type 'ros.ament_cmake' and name 'uuv_gazebo_ros_plugins'
[0.132s] Level 1:colcon.colcon_core.package_identification:_identify(uuv_simulator/uuv_gazebo_ros_plugins_msgs) by extensions ['ignore', 'ignore_ament_install']
[0.132s] Level 1:colcon.colcon_core.package_identification:_identify(uuv_simulator/uuv_gazebo_ros_plugins_msgs) by extension 'ignore'
[0.132s] Level 1:colcon.colcon_core.package_identification:_identify(uuv_simulator/uuv_gazebo_ros_plugins_msgs) by extension 'ignore_ament_install'
[0.132s] Level 1:colcon.colcon_core.package_identification:_identify(uuv_simulator/uuv_gazebo_ros_plugins_msgs) by extensions ['colcon_pkg']
[0.132s] Level 1:colcon.colcon_core.package_identification:_identify(uuv_simulator/uuv_gazebo_ros_plugins_msgs) by extension 'colcon_pkg'
[0.132s] Level 1:colcon.colcon_core.package_identification:_identify(uuv_simulator/uuv_gazebo_ros_plugins_msgs) by extensions ['colcon_meta']
[0.132s] Level 1:colcon.colcon_core.package_identification:_identify(uuv_simulator/uuv_gazebo_ros_plugins_msgs) by extension 'colcon_meta'
[0.132s] Level 1:colcon.colcon_core.package_identification:_identify(uuv_simulator/uuv_gazebo_ros_plugins_msgs) by extensions ['ros']
[0.132s] Level 1:colcon.colcon_core.package_identification:_identify(uuv_simulator/uuv_gazebo_ros_plugins_msgs) by extension 'ros'
[0.132s] DEBUG:colcon.colcon_core.package_identification:Package 'uuv_simulator/uuv_gazebo_ros_plugins_msgs' with type 'ros.ament_cmake' and name 'uuv_gazebo_ros_plugins_msgs'
[0.132s] Level 1:colcon.colcon_core.package_identification:_identify(uuv_simulator/uuv_gazebo_worlds) by extensions ['ignore', 'ignore_ament_install']
[0.132s] Level 1:colcon.colcon_core.package_identification:_identify(uuv_simulator/uuv_gazebo_worlds) by extension 'ignore'
[0.132s] Level 1:colcon.colcon_core.package_identification:_identify(uuv_simulator/uuv_gazebo_worlds) by extension 'ignore_ament_install'
[0.132s] Level 1:colcon.colcon_core.package_identification:_identify(uuv_simulator/uuv_gazebo_worlds) by extensions ['colcon_pkg']
[0.132s] Level 1:colcon.colcon_core.package_identification:_identify(uuv_simulator/uuv_gazebo_worlds) by extension 'colcon_pkg'
[0.132s] Level 1:colcon.colcon_core.package_identification:_identify(uuv_simulator/uuv_gazebo_worlds) by extensions ['colcon_meta']
[0.132s] Level 1:colcon.colcon_core.package_identification:_identify(uuv_simulator/uuv_gazebo_worlds) by extension 'colcon_meta'
[0.132s] Level 1:colcon.colcon_core.package_identification:_identify(uuv_simulator/uuv_gazebo_worlds) by extensions ['ros']
[0.132s] Level 1:colcon.colcon_core.package_identification:_identify(uuv_simulator/uuv_gazebo_worlds) by extension 'ros'
[0.133s] DEBUG:colcon.colcon_core.package_identification:Package 'uuv_simulator/uuv_gazebo_worlds' with type 'ros.ament_cmake' and name 'uuv_gazebo_worlds'
[0.133s] Level 1:colcon.colcon_core.package_identification:_identify(uuv_simulator/uuv_sensor_plugins) by extensions ['ignore', 'ignore_ament_install']
[0.133s] Level 1:colcon.colcon_core.package_identification:_identify(uuv_simulator/uuv_sensor_plugins) by extension 'ignore'
[0.133s] Level 1:colcon.colcon_core.package_identification:_identify(uuv_simulator/uuv_sensor_plugins) by extension 'ignore_ament_install'
[0.133s] Level 1:colcon.colcon_core.package_identification:_identify(uuv_simulator/uuv_sensor_plugins) by extensions ['colcon_pkg']
[0.133s] Level 1:colcon.colcon_core.package_identification:_identify(uuv_simulator/uuv_sensor_plugins) by extension 'colcon_pkg'
[0.133s] Level 1:colcon.colcon_core.package_identification:_identify(uuv_simulator/uuv_sensor_plugins) by extensions ['colcon_meta']
[0.133s] Level 1:colcon.colcon_core.package_identification:_identify(uuv_simulator/uuv_sensor_plugins) by extension 'colcon_meta'
[0.133s] Level 1:colcon.colcon_core.package_identification:_identify(uuv_simulator/uuv_sensor_plugins) by extensions ['ros']
[0.133s] Level 1:colcon.colcon_core.package_identification:_identify(uuv_simulator/uuv_sensor_plugins) by extension 'ros'
[0.134s] DEBUG:colcon.colcon_core.package_identification:Package 'uuv_simulator/uuv_sensor_plugins' with type 'ros.ament_cmake' and name 'uuv_sensor_plugins'
[0.134s] Level 1:colcon.colcon_core.package_identification:_identify(uuv_simulator/uuv_sensor_ros_plugins) by extensions ['ignore', 'ignore_ament_install']
[0.134s] Level 1:colcon.colcon_core.package_identification:_identify(uuv_simulator/uuv_sensor_ros_plugins) by extension 'ignore'
[0.134s] Level 1:colcon.colcon_core.package_identification:_identify(uuv_simulator/uuv_sensor_ros_plugins) by extension 'ignore_ament_install'
[0.134s] Level 1:colcon.colcon_core.package_identification:_identify(uuv_simulator/uuv_sensor_ros_plugins) by extensions ['colcon_pkg']
[0.134s] Level 1:colcon.colcon_core.package_identification:_identify(uuv_simulator/uuv_sensor_ros_plugins) by extension 'colcon_pkg'
[0.134s] Level 1:colcon.colcon_core.package_identification:_identify(uuv_simulator/uuv_sensor_ros_plugins) by extensions ['colcon_meta']
[0.134s] Level 1:colcon.colcon_core.package_identification:_identify(uuv_simulator/uuv_sensor_ros_plugins) by extension 'colcon_meta'
[0.134s] Level 1:colcon.colcon_core.package_identification:_identify(uuv_simulator/uuv_sensor_ros_plugins) by extensions ['ros']
[0.134s] Level 1:colcon.colcon_core.package_identification:_identify(uuv_simulator/uuv_sensor_ros_plugins) by extension 'ros'
[0.134s] DEBUG:colcon.colcon_core.package_identification:Package 'uuv_simulator/uuv_sensor_ros_plugins' with type 'ros.ament_cmake' and name 'uuv_sensor_ros_plugins'
[0.134s] Level 1:colcon.colcon_core.package_identification:_identify(uuv_simulator/uuv_sensor_ros_plugins_msgs) by extensions ['ignore', 'ignore_ament_install']
[0.134s] Level 1:colcon.colcon_core.package_identification:_identify(uuv_simulator/uuv_sensor_ros_plugins_msgs) by extension 'ignore'
[0.134s] Level 1:colcon.colcon_core.package_identification:_identify(uuv_simulator/uuv_sensor_ros_plugins_msgs) by extension 'ignore_ament_install'
[0.134s] Level 1:colcon.colcon_core.package_identification:_identify(uuv_simulator/uuv_sensor_ros_plugins_msgs) by extensions ['colcon_pkg']
[0.134s] Level 1:colcon.colcon_core.package_identification:_identify(uuv_simulator/uuv_sensor_ros_plugins_msgs) by extension 'colcon_pkg'
[0.134s] Level 1:colcon.colcon_core.package_identification:_identify(uuv_simulator/uuv_sensor_ros_plugins_msgs) by extensions ['colcon_meta']
[0.134s] Level 1:colcon.colcon_core.package_identification:_identify(uuv_simulator/uuv_sensor_ros_plugins_msgs) by extension 'colcon_meta'
[0.134s] Level 1:colcon.colcon_core.package_identification:_identify(uuv_simulator/uuv_sensor_ros_plugins_msgs) by extensions ['ros']
[0.134s] Level 1:colcon.colcon_core.package_identification:_identify(uuv_simulator/uuv_sensor_ros_plugins_msgs) by extension 'ros'
[0.135s] DEBUG:colcon.colcon_core.package_identification:Package 'uuv_simulator/uuv_sensor_ros_plugins_msgs' with type 'ros.ament_cmake' and name 'uuv_sensor_ros_plugins_msgs'
[0.135s] Level 1:colcon.colcon_core.package_identification:_identify(uuv_simulator/uuv_simulation_evaluation) by extensions ['ignore', 'ignore_ament_install']
[0.135s] Level 1:colcon.colcon_core.package_identification:_identify(uuv_simulator/uuv_simulation_evaluation) by extension 'ignore'
[0.135s] Level 1:colcon.colcon_core.package_identification:_identify(uuv_simulator/uuv_simulation_evaluation) by extension 'ignore_ament_install'
[0.135s] Level 1:colcon.colcon_core.package_identification:_identify(uuv_simulator/uuv_simulation_evaluation) by extensions ['colcon_pkg']
[0.135s] Level 1:colcon.colcon_core.package_identification:_identify(uuv_simulator/uuv_simulation_evaluation) by extension 'colcon_pkg'
[0.135s] Level 1:colcon.colcon_core.package_identification:_identify(uuv_simulator/uuv_simulation_evaluation) by extensions ['colcon_meta']
[0.135s] Level 1:colcon.colcon_core.package_identification:_identify(uuv_simulator/uuv_simulation_evaluation) by extension 'colcon_meta'
[0.135s] Level 1:colcon.colcon_core.package_identification:_identify(uuv_simulator/uuv_simulation_evaluation) by extensions ['ros']
[0.135s] Level 1:colcon.colcon_core.package_identification:_identify(uuv_simulator/uuv_simulation_evaluation) by extension 'ros'
[0.135s] DEBUG:colcon.colcon_core.package_identification:Package 'uuv_simulator/uuv_simulation_evaluation' with type 'ros.ament_cmake' and name 'uuv_simulation_evaluation'
[0.135s] Level 1:colcon.colcon_core.package_identification:_identify(uuv_simulator/uuv_simulation_wrapper) by extensions ['ignore', 'ignore_ament_install']
[0.135s] Level 1:colcon.colcon_core.package_identification:_identify(uuv_simulator/uuv_simulation_wrapper) by extension 'ignore'
[0.135s] Level 1:colcon.colcon_core.package_identification:_identify(uuv_simulator/uuv_simulation_wrapper) by extension 'ignore_ament_install'
[0.135s] Level 1:colcon.colcon_core.package_identification:_identify(uuv_simulator/uuv_simulation_wrapper) by extensions ['colcon_pkg']
[0.135s] Level 1:colcon.colcon_core.package_identification:_identify(uuv_simulator/uuv_simulation_wrapper) by extension 'colcon_pkg'
[0.136s] Level 1:colcon.colcon_core.package_identification:_identify(uuv_simulator/uuv_simulation_wrapper) by extensions ['colcon_meta']
[0.136s] Level 1:colcon.colcon_core.package_identification:_identify(uuv_simulator/uuv_simulation_wrapper) by extension 'colcon_meta'
[0.136s] Level 1:colcon.colcon_core.package_identification:_identify(uuv_simulator/uuv_simulation_wrapper) by extensions ['ros']
[0.136s] Level 1:colcon.colcon_core.package_identification:_identify(uuv_simulator/uuv_simulation_wrapper) by extension 'ros'
[0.136s] DEBUG:colcon.colcon_core.package_identification:Package 'uuv_simulator/uuv_simulation_wrapper' with type 'ros.ament_cmake' and name 'uuv_simulation_wrapper'
[0.136s] Level 1:colcon.colcon_core.package_identification:_identify(uuv_simulator/uuv_simulator) by extensions ['ignore', 'ignore_ament_install']
[0.136s] Level 1:colcon.colcon_core.package_identification:_identify(uuv_simulator/uuv_simulator) by extension 'ignore'
[0.136s] Level 1:colcon.colcon_core.package_identification:_identify(uuv_simulator/uuv_simulator) by extension 'ignore_ament_install'
[0.136s] Level 1:colcon.colcon_core.package_identification:_identify(uuv_simulator/uuv_simulator) by extensions ['colcon_pkg']
[0.136s] Level 1:colcon.colcon_core.package_identification:_identify(uuv_simulator/uuv_simulator) by extension 'colcon_pkg'
[0.136s] Level 1:colcon.colcon_core.package_identification:_identify(uuv_simulator/uuv_simulator) by extensions ['colcon_meta']
[0.136s] Level 1:colcon.colcon_core.package_identification:_identify(uuv_simulator/uuv_simulator) by extension 'colcon_meta'
[0.136s] Level 1:colcon.colcon_core.package_identification:_identify(uuv_simulator/uuv_simulator) by extensions ['ros']
[0.136s] Level 1:colcon.colcon_core.package_identification:_identify(uuv_simulator/uuv_simulator) by extension 'ros'
[0.137s] DEBUG:colcon.colcon_core.package_identification:Package 'uuv_simulator/uuv_simulator' with type 'ros.ament_cmake' and name 'uuv_simulator'
[0.137s] Level 1:colcon.colcon_core.package_identification:_identify(uuv_simulator/uuv_smac_utils) by extensions ['ignore', 'ignore_ament_install']
[0.137s] Level 1:colcon.colcon_core.package_identification:_identify(uuv_simulator/uuv_smac_utils) by extension 'ignore'
[0.137s] Level 1:colcon.colcon_core.package_identification:_identify(uuv_simulator/uuv_smac_utils) by extension 'ignore_ament_install'
[0.137s] Level 1:colcon.colcon_core.package_identification:_identify(uuv_simulator/uuv_smac_utils) by extensions ['colcon_pkg']
[0.137s] Level 1:colcon.colcon_core.package_identification:_identify(uuv_simulator/uuv_smac_utils) by extension 'colcon_pkg'
[0.137s] Level 1:colcon.colcon_core.package_identification:_identify(uuv_simulator/uuv_smac_utils) by extensions ['colcon_meta']
[0.137s] Level 1:colcon.colcon_core.package_identification:_identify(uuv_simulator/uuv_smac_utils) by extension 'colcon_meta'
[0.137s] Level 1:colcon.colcon_core.package_identification:_identify(uuv_simulator/uuv_smac_utils) by extensions ['ros']
[0.137s] Level 1:colcon.colcon_core.package_identification:_identify(uuv_simulator/uuv_smac_utils) by extension 'ros'
[0.137s] DEBUG:colcon.colcon_core.package_identification:Package 'uuv_simulator/uuv_smac_utils' with type 'ros.ament_cmake' and name 'uuv_smac_utils'
[0.137s] Level 1:colcon.colcon_core.package_identification:_identify(uuv_simulator/uuv_teleop) by extensions ['ignore', 'ignore_ament_install']
[0.137s] Level 1:colcon.colcon_core.package_identification:_identify(uuv_simulator/uuv_teleop) by extension 'ignore'
[0.138s] Level 1:colcon.colcon_core.package_identification:_identify(uuv_simulator/uuv_teleop) by extension 'ignore_ament_install'
[0.138s] Level 1:colcon.colcon_core.package_identification:_identify(uuv_simulator/uuv_teleop) by extensions ['colcon_pkg']
[0.138s] Level 1:colcon.colcon_core.package_identification:_identify(uuv_simulator/uuv_teleop) by extension 'colcon_pkg'
[0.138s] Level 1:colcon.colcon_core.package_identification:_identify(uuv_simulator/uuv_teleop) by extensions ['colcon_meta']
[0.138s] Level 1:colcon.colcon_core.package_identification:_identify(uuv_simulator/uuv_teleop) by extension 'colcon_meta'
[0.138s] Level 1:colcon.colcon_core.package_identification:_identify(uuv_simulator/uuv_teleop) by extensions ['ros']
[0.138s] Level 1:colcon.colcon_core.package_identification:_identify(uuv_simulator/uuv_teleop) by extension 'ros'
[0.138s] DEBUG:colcon.colcon_core.package_identification:Package 'uuv_simulator/uuv_teleop' with type 'ros.ament_cmake' and name 'uuv_teleop'
[0.138s] Level 1:colcon.colcon_core.package_identification:_identify(uuv_simulator/uuv_thruster_manager) by extensions ['ignore', 'ignore_ament_install']
[0.138s] Level 1:colcon.colcon_core.package_identification:_identify(uuv_simulator/uuv_thruster_manager) by extension 'ignore'
[0.138s] Level 1:colcon.colcon_core.package_identification:_identify(uuv_simulator/uuv_thruster_manager) by extension 'ignore_ament_install'
[0.138s] Level 1:colcon.colcon_core.package_identification:_identify(uuv_simulator/uuv_thruster_manager) by extensions ['colcon_pkg']
[0.138s] Level 1:colcon.colcon_core.package_identification:_identify(uuv_simulator/uuv_thruster_manager) by extension 'colcon_pkg'
[0.138s] Level 1:colcon.colcon_core.package_identification:_identify(uuv_simulator/uuv_thruster_manager) by extensions ['colcon_meta']
[0.138s] Level 1:colcon.colcon_core.package_identification:_identify(uuv_simulator/uuv_thruster_manager) by extension 'colcon_meta'
[0.138s] Level 1:colcon.colcon_core.package_identification:_identify(uuv_simulator/uuv_thruster_manager) by extensions ['ros']
[0.138s] Level 1:colcon.colcon_core.package_identification:_identify(uuv_simulator/uuv_thruster_manager) by extension 'ros'
[0.139s] DEBUG:colcon.colcon_core.package_identification:Package 'uuv_simulator/uuv_thruster_manager' with type 'ros.ament_cmake' and name 'uuv_thruster_manager'
[0.139s] Level 1:colcon.colcon_core.package_identification:_identify(uuv_simulator/uuv_trajectory_control) by extensions ['ignore', 'ignore_ament_install']
[0.139s] Level 1:colcon.colcon_core.package_identification:_identify(uuv_simulator/uuv_trajectory_control) by extension 'ignore'
[0.139s] Level 1:colcon.colcon_core.package_identification:_identify(uuv_simulator/uuv_trajectory_control) by extension 'ignore_ament_install'
[0.139s] Level 1:colcon.colcon_core.package_identification:_identify(uuv_simulator/uuv_trajectory_control) by extensions ['colcon_pkg']
[0.139s] Level 1:colcon.colcon_core.package_identification:_identify(uuv_simulator/uuv_trajectory_control) by extension 'colcon_pkg'
[0.139s] Level 1:colcon.colcon_core.package_identification:_identify(uuv_simulator/uuv_trajectory_control) by extensions ['colcon_meta']
[0.139s] Level 1:colcon.colcon_core.package_identification:_identify(uuv_simulator/uuv_trajectory_control) by extension 'colcon_meta'
[0.139s] Level 1:colcon.colcon_core.package_identification:_identify(uuv_simulator/uuv_trajectory_control) by extensions ['ros']
[0.139s] Level 1:colcon.colcon_core.package_identification:_identify(uuv_simulator/uuv_trajectory_control) by extension 'ros'
[0.140s] DEBUG:colcon.colcon_core.package_identification:Package 'uuv_simulator/uuv_trajectory_control' with type 'ros.ament_cmake' and name 'uuv_trajectory_control'
[0.140s] Level 1:colcon.colcon_core.package_identification:_identify(uuv_simulator/uuv_tutorials) by extensions ['ignore', 'ignore_ament_install']
[0.140s] Level 1:colcon.colcon_core.package_identification:_identify(uuv_simulator/uuv_tutorials) by extension 'ignore'
[0.140s] Level 1:colcon.colcon_core.package_identification:_identify(uuv_simulator/uuv_tutorials) by extension 'ignore_ament_install'
[0.140s] Level 1:colcon.colcon_core.package_identification:_identify(uuv_simulator/uuv_tutorials) by extensions ['colcon_pkg']
[0.140s] Level 1:colcon.colcon_core.package_identification:_identify(uuv_simulator/uuv_tutorials) by extension 'colcon_pkg'
[0.140s] Level 1:colcon.colcon_core.package_identification:_identify(uuv_simulator/uuv_tutorials) by extensions ['colcon_meta']
[0.140s] Level 1:colcon.colcon_core.package_identification:_identify(uuv_simulator/uuv_tutorials) by extension 'colcon_meta'
[0.140s] Level 1:colcon.colcon_core.package_identification:_identify(uuv_simulator/uuv_tutorials) by extensions ['ros']
[0.140s] Level 1:colcon.colcon_core.package_identification:_identify(uuv_simulator/uuv_tutorials) by extension 'ros'
[0.141s] DEBUG:colcon.colcon_core.package_identification:Package 'uuv_simulator/uuv_tutorials' with type 'ros.ament_cmake' and name 'uuv_tutorials'
[0.141s] Level 1:colcon.colcon_core.package_identification:_identify(uuv_simulator/uuv_world_plugins) by extensions ['ignore', 'ignore_ament_install']
[0.141s] Level 1:colcon.colcon_core.package_identification:_identify(uuv_simulator/uuv_world_plugins) by extension 'ignore'
[0.141s] Level 1:colcon.colcon_core.package_identification:_identify(uuv_simulator/uuv_world_plugins) by extension 'ignore_ament_install'
[0.141s] Level 1:colcon.colcon_core.package_identification:_identify(uuv_simulator/uuv_world_plugins) by extensions ['colcon_pkg']
[0.141s] Level 1:colcon.colcon_core.package_identification:_identify(uuv_simulator/uuv_world_plugins) by extension 'colcon_pkg'
[0.141s] Level 1:colcon.colcon_core.package_identification:_identify(uuv_simulator/uuv_world_plugins) by extensions ['colcon_meta']
[0.141s] Level 1:colcon.colcon_core.package_identification:_identify(uuv_simulator/uuv_world_plugins) by extension 'colcon_meta'
[0.141s] Level 1:colcon.colcon_core.package_identification:_identify(uuv_simulator/uuv_world_plugins) by extensions ['ros']
[0.141s] Level 1:colcon.colcon_core.package_identification:_identify(uuv_simulator/uuv_world_plugins) by extension 'ros'
[0.142s] DEBUG:colcon.colcon_core.package_identification:Package 'uuv_simulator/uuv_world_plugins' with type 'ros.ament_cmake' and name 'uuv_world_plugins'
[0.142s] Level 1:colcon.colcon_core.package_identification:_identify(uuv_simulator/uuv_world_ros_plugins) by extensions ['ignore', 'ignore_ament_install']
[0.142s] Level 1:colcon.colcon_core.package_identification:_identify(uuv_simulator/uuv_world_ros_plugins) by extension 'ignore'
[0.142s] Level 1:colcon.colcon_core.package_identification:_identify(uuv_simulator/uuv_world_ros_plugins) by extension 'ignore_ament_install'
[0.142s] Level 1:colcon.colcon_core.package_identification:_identify(uuv_simulator/uuv_world_ros_plugins) by extensions ['colcon_pkg']
[0.142s] Level 1:colcon.colcon_core.package_identification:_identify(uuv_simulator/uuv_world_ros_plugins) by extension 'colcon_pkg'
[0.142s] Level 1:colcon.colcon_core.package_identification:_identify(uuv_simulator/uuv_world_ros_plugins) by extensions ['colcon_meta']
[0.142s] Level 1:colcon.colcon_core.package_identification:_identify(uuv_simulator/uuv_world_ros_plugins) by extension 'colcon_meta'
[0.142s] Level 1:colcon.colcon_core.package_identification:_identify(uuv_simulator/uuv_world_ros_plugins) by extensions ['ros']
[0.142s] Level 1:colcon.colcon_core.package_identification:_identify(uuv_simulator/uuv_world_ros_plugins) by extension 'ros'
[0.143s] DEBUG:colcon.colcon_core.package_identification:Package 'uuv_simulator/uuv_world_ros_plugins' with type 'ros.ament_cmake' and name 'uuv_world_ros_plugins'
[0.143s] Level 1:colcon.colcon_core.package_identification:_identify(uuv_simulator/uuv_world_ros_plugins_msgs) by extensions ['ignore', 'ignore_ament_install']
[0.143s] Level 1:colcon.colcon_core.package_identification:_identify(uuv_simulator/uuv_world_ros_plugins_msgs) by extension 'ignore'
[0.143s] Level 1:colcon.colcon_core.package_identification:_identify(uuv_simulator/uuv_world_ros_plugins_msgs) by extension 'ignore_ament_install'
[0.143s] Level 1:colcon.colcon_core.package_identification:_identify(uuv_simulator/uuv_world_ros_plugins_msgs) by extensions ['colcon_pkg']
[0.143s] Level 1:colcon.colcon_core.package_identification:_identify(uuv_simulator/uuv_world_ros_plugins_msgs) by extension 'colcon_pkg'
[0.143s] Level 1:colcon.colcon_core.package_identification:_identify(uuv_simulator/uuv_world_ros_plugins_msgs) by extensions ['colcon_meta']
[0.143s] Level 1:colcon.colcon_core.package_identification:_identify(uuv_simulator/uuv_world_ros_plugins_msgs) by extension 'colcon_meta'
[0.143s] Level 1:colcon.colcon_core.package_identification:_identify(uuv_simulator/uuv_world_ros_plugins_msgs) by extensions ['ros']
[0.143s] Level 1:colcon.colcon_core.package_identification:_identify(uuv_simulator/uuv_world_ros_plugins_msgs) by extension 'ros'
[0.143s] DEBUG:colcon.colcon_core.package_identification:Package 'uuv_simulator/uuv_world_ros_plugins_msgs' with type 'ros.ament_cmake' and name 'uuv_world_ros_plugins_msgs'
[0.143s] Level 1:colcon.colcon_core.package_discovery:discover_packages(recursive) using defaults
[0.144s] Level 1:colcon.colcon_core.package_discovery:discover_packages(ignore) discover
[0.144s] Level 1:colcon.colcon_core.package_discovery:discover_packages(ignore) using defaults
[0.144s] Level 1:colcon.colcon_core.package_discovery:discover_packages(path) discover
[0.144s] Level 1:colcon.colcon_core.package_discovery:discover_packages(path) using defaults
[0.160s] ERROR:colcon:colcon build: Unable to order packages topologically:
rexrov2_control: ['uuv_descriptions', 'uuv_gazebo', 'uuv_gazebo_ros_plugins', 'uuv_thruster_manager', 'uuv_trajectory_control']
rexrov2_description: ['uuv_assistants', 'uuv_descriptions', 'uuv_gazebo', 'uuv_gazebo_ros_plugins', 'uuv_sensor_ros_plugins', 'uuv_thruster_manager', 'uuv_trajectory_control']
rexrov2_gazebo: ['rexrov2_control', 'rexrov2_description', 'uuv_assistants', 'uuv_descriptions', 'uuv_gazebo', 'uuv_gazebo_ros_plugins', 'uuv_sensor_ros_plugins', 'uuv_thruster_manager', 'uuv_trajectory_control']
uuv_assistants: ['uuv_descriptions', 'uuv_gazebo', 'uuv_gazebo_ros_plugins', 'uuv_thruster_manager', 'uuv_trajectory_control']
uuv_control: ['uuv_descriptions', 'uuv_gazebo', 'uuv_gazebo_ros_plugins', 'uuv_thruster_manager', 'uuv_trajectory_control']
uuv_descriptions: ['uuv_gazebo', 'uuv_gazebo_ros_plugins', 'uuv_thruster_manager', 'uuv_trajectory_control']
uuv_gazebo: ['uuv_descriptions', 'uuv_gazebo_ros_plugins', 'uuv_thruster_manager', 'uuv_trajectory_control']
uuv_gazebo_plugins: ['uuv_descriptions', 'uuv_gazebo', 'uuv_gazebo_ros_plugins', 'uuv_thruster_manager', 'uuv_trajectory_control']
uuv_gazebo_ros_plugins: ['uuv_descriptions', 'uuv_gazebo', 'uuv_thruster_manager', 'uuv_trajectory_control']
uuv_gazebo_worlds: ['uuv_descriptions', 'uuv_gazebo', 'uuv_gazebo_ros_plugins', 'uuv_thruster_manager', 'uuv_trajectory_control']
uuv_sensor_plugins: ['uuv_descriptions', 'uuv_gazebo', 'uuv_gazebo_ros_plugins', 'uuv_thruster_manager', 'uuv_trajectory_control']
uuv_sensor_ros_plugins: ['uuv_descriptions', 'uuv_gazebo', 'uuv_gazebo_ros_plugins', 'uuv_thruster_manager', 'uuv_trajectory_control']
uuv_simulation_evaluation: ['uuv_descriptions', 'uuv_gazebo', 'uuv_gazebo_ros_plugins', 'uuv_thruster_manager', 'uuv_trajectory_control']
uuv_simulation_wrapper: ['uuv_descriptions', 'uuv_gazebo', 'uuv_gazebo_ros_plugins', 'uuv_simulation_evaluation', 'uuv_thruster_manager', 'uuv_trajectory_control']
uuv_smac_utils: ['uuv_descriptions', 'uuv_gazebo', 'uuv_gazebo_ros_plugins', 'uuv_thruster_manager', 'uuv_trajectory_control']
uuv_teleop: ['uuv_descriptions', 'uuv_gazebo', 'uuv_gazebo_ros_plugins', 'uuv_thruster_manager', 'uuv_trajectory_control']
uuv_thruster_manager: ['uuv_descriptions', 'uuv_gazebo', 'uuv_gazebo_ros_plugins', 'uuv_trajectory_control']
uuv_trajectory_control: ['uuv_descriptions', 'uuv_gazebo', 'uuv_gazebo_ros_plugins', 'uuv_thruster_manager']
uuv_tutorials: ['uuv_descriptions', 'uuv_gazebo', 'uuv_gazebo_ros_plugins', 'uuv_thruster_manager', 'uuv_trajectory_control']
uuv_world_plugins: ['uuv_descriptions', 'uuv_gazebo', 'uuv_gazebo_ros_plugins', 'uuv_thruster_manager', 'uuv_trajectory_control']
uuv_world_ros_plugins: ['uuv_descriptions', 'uuv_gazebo', 'uuv_gazebo_ros_plugins', 'uuv_thruster_manager', 'uuv_trajectory_control']
