[0.009s] Invoking command in '/home/airl-user/eroas_ws/src/EROAS/uuv_simulator/build/uuv_simulator': DEBUGINFOD_URLS=https://debuginfod.ubuntu.com /usr/bin/cmake /home/airl-user/eroas_ws/src/EROAS/uuv_simulator -DCMAKE_BUILD_TYPE=Release -DCMAKE_INSTALL_PREFIX=/home/airl-user/eroas_ws/src/EROAS/uuv_simulator/install/uuv_simulator
[0.112s] -- The C compiler identification is GNU 13.3.0
[0.587s] -- The CXX compiler identification is GNU 13.3.0
[1.071s] -- Detecting C compiler ABI info
[1.271s] -- Detecting C compiler ABI info - done
[1.275s] -- Check for working C compiler: /usr/bin/cc - skipped
[1.275s] -- Detecting C compile features
[1.275s] -- Detecting C compile features - done
[1.365s] -- Detecting CXX compiler ABI info
[1.596s] -- Detecting CXX compiler ABI info - done
[1.602s] -- Check for working CXX compiler: /usr/bin/c++ - skipped
[1.602s] -- Detecting CXX compile features
[1.603s] -- Detecting CXX compile features - done
[1.605s] -- Found ament_cmake: 2.5.6 (/opt/ros/jazzy/share/ament_cmake/cmake)
[1.710s] -- Found Python3: /usr/bin/python3 (found version "3.12.3") found components: Interpreter 
[1.779s] CMake Error: File /home/airl-user/eroas_ws/src/EROAS/uuv_simulator/package.xml does not exist.
[1.779s] CMake Error at /opt/ros/jazzy/share/ament_cmake_core/cmake/core/stamp.cmake:24 (configure_file):
[1.780s]   configure_file Problem configuring file
[1.780s] Call Stack (most recent call first):
[1.780s]   /opt/ros/jazzy/share/ament_cmake_core/cmake/core/ament_package_xml.cmake:73 (stamp)
[1.780s]   /opt/ros/jazzy/share/ament_cmake_core/cmake/core/ament_package_xml.cmake:49 (_ament_package_xml)
[1.780s]   /opt/ros/jazzy/share/ament_cmake_core/cmake/core/ament_package.cmake:63 (ament_package_xml)
[1.780s]   CMakeLists.txt:18 (ament_package)
[1.780s] 
[1.780s] 
[1.794s] -- Configuring incomplete, errors occurred!
[1.797s] Invoked command in '/home/airl-user/eroas_ws/src/EROAS/uuv_simulator/build/uuv_simulator' returned '1': DEBUGINFOD_URLS=https://debuginfod.ubuntu.com /usr/bin/cmake /home/airl-user/eroas_ws/src/EROAS/uuv_simulator -DCMAKE_BUILD_TYPE=Release -DCMAKE_INSTALL_PREFIX=/home/airl-user/eroas_ws/src/EROAS/uuv_simulator/install/uuv_simulator
